!this_is_very_code
!!0
!compute_flag
!!0 1 2 3
!main
!!0 1 2 3 4 5 6 7
